// Jest Snapshot v1, https://goo.gl/fbAQLP

exports[`NotFound Component NotFound Snapshot 1`] = `
<DocumentFragment>
  <div
    class="sc-bdvvaa gmpVqK"
  >
    <div
      class="sc-gsDJrp dVRfXu"
    >
      <img
        alt="not found image"
        class="sc-dkPtyc bqPuaS"
        src="not-found.png"
      />
      <span
        class="sc-hKwCoD kCkA-Dq"
      >
        테스트 메세지
      </span>
    </div>
  </div>
</DocumentFragment>
`;
