// Jest Snapshot v1, https://goo.gl/fbAQLP

exports[`TotalPrice Component TotalPrice Snapshot 1`] = `
<DocumentFragment>
  <div
    class="sc-bdvvaa Srgyh"
  >
    <div
      class="sc-gsDJrp jMUdLb"
    >
      제목
    </div>
    <div
      class="sc-dkPtyc iCfvgp"
    >
      <div
        class="sc-hKwCoD jyiuQM"
      >
        <span
          class="sc-eCImvq kuebXo"
        >
          가격
        </span>
        <span
          class="sc-jRQAMF DVdTG"
        >
          1000
        </span>
      </div>
    </div>
  </div>
</DocumentFragment>
`;
