// Jest Snapshot v1, https://goo.gl/fbAQLP

exports[`Tooltip Component Tooltip Snapshot 1`] = `
<DocumentFragment>
  <div
    class="sc-bdvvaa kVccnQ"
  >
    <span
      class="sc-gsDJrp fikjTz"
    >
      TEST
    </span>
    <div
      class="sc-dkPtyc"
    />
  </div>
</DocumentFragment>
`;
