// Jest Snapshot v1, https://goo.gl/fbAQLP

exports[`Checkbox Component Checkbox Snapshot 1`] = `
<DocumentFragment>
  <div
    class="sc-bdvvaa fcGAIO"
  >
    <input
      class="sc-gsDJrp eXOHbT"
      type="checkbox"
    />
  </div>
</DocumentFragment>
`;
