// Jest Snapshot v1, https://goo.gl/fbAQLP

exports[`Modal Component Modal Snapshot 1`] = `
<DocumentFragment>
  <div
    class="sc-bdvvaa bRMtVR"
  >
    <div
      class="sc-dkPtyc iVayro"
    />
    <div
      class="sc-gsDJrp dQYwbU"
    >
      TEST
    </div>
  </div>
</DocumentFragment>
`;
