// Jest Snapshot v1, https://goo.gl/fbAQLP

exports[`Checkbox Component Checkbox Snapshot 1`] = `
<DocumentFragment>
  <div
    class="sc-bdvvaa jBmzxu"
  >
    <div
      class="sc-gsDJrp kyLDcO"
    >
      <span
        class="sc-dkPtyc"
      >
        주문번호 : 
      </span>
    </div>
    <div
      class="sc-eCImvq"
    >
      TEST
    </div>
  </div>
</DocumentFragment>
`;
